
1417353-0,0,2,RequestFail,http://vigilancia.development.datauy.org
4876874-7,0,2,CaptchaFailed,http://vigilancia.management.datauy.org
2925156-9,1,2,DataRetrieved,http://vigilancia.development.datauy.org
1803147-9,0,2,CaptchaFailed,http://vigilancia.management.datauy.org
3294211-7,1,2,DataRetrieved,http://vigilancia.development.datauy.org
2449065-7,0,2,CaptchaFailed,http://vigilancia.management.datauy.org
3339134-9,0,2,CaptchaFailed,http://vigilancia.development.datauy.org
1592089-7,0,0,ErrorData,http://vigilancia.management.datauy.org
3937340-0,0,0,ErrorData,http://vigilancia.development.datauy.org
2228369-4,0,2,CaptchaFailed,http://vigilancia.management.datauy.org
3939385-4,0,2,RequestFail,http://vigilancia.development.datauy.org
3862320-6,0,2,CaptchaFailed,http://vigilancia.management.datauy.org
4793321-8,1,0,DataRetrieved,http://vigilancia.development.datauy.org
2916354-6,0,2,CaptchaFailed,http://vigilancia.management.datauy.org
2592353-0,0,0,ErrorData,http://vigilancia.development.datauy.org
3487562-9,0,0,ErrorData,http://vigilancia.management.datauy.org
3419335-0,0,2,CaptchaFailed,http://vigilancia.development.datauy.org
2876769-0,0,2,CaptchaFailed,http://vigilancia.management.datauy.org
3302292-6,0,2,CaptchaFailed,http://vigilancia.development.datauy.org
1977809-8,1,1,DataRetrieved,http://vigilancia.management.datauy.org
3023099-4,1,0,DataRetrieved,http://vigilancia.development.datauy.org
3338167-5,1,0,DataRetrieved,http://vigilancia.management.datauy.org
3492200-0,0,2,CaptchaFailed,http://vigilancia.development.datauy.org
2722071-8,0,2,RequestFail,http://vigilancia.management.datauy.org
1050245-4,0,2,RequestFail,http://vigilancia.development.datauy.org
4728800-9,0,2,CaptchaFailed,http://vigilancia.management.datauy.org
4536661-3,0,2,RequestFail,http://vigilancia.development.datauy.org
4607008-7,0,2,CaptchaFailed,http://vigilancia.management.datauy.org
2579043-8,0,2,RequestFail,http://vigilancia.development.datauy.org
1207191-4,0,2,CaptchaFailed,http://vigilancia.management.datauy.org
2383650-3,0,2,CaptchaFailed,http://vigilancia.development.datauy.org
2996397-8,1,0,DataRetrieved,http://vigilancia.management.datauy.org
1084065-8,0,2,CaptchaFailed,http://vigilancia.development.datauy.org
4308808-9,1,2,DataRetrieved,http://vigilancia.management.datauy.org
3799545-4,0,2,CaptchaFailed,http://vigilancia.development.datauy.org
3378278-0,0,2,RequestFail,http://vigilancia.management.datauy.org
1757873-5,0,2,CaptchaFailed,http://vigilancia.development.datauy.org
2138680-7,0,2,RequestFail,http://vigilancia.management.datauy.org
3970368-9,0,2,CaptchaFailed,http://vigilancia.development.datauy.org
4695215-6,1,1,DataRetrieved,http://vigilancia.management.datauy.org
3367050-5,0,2,RequestFail,http://vigilancia.development.datauy.org
2909754-9,0,2,CaptchaFailed,http://vigilancia.management.datauy.org
3557535-1,0,2,CaptchaFailed,http://vigilancia.development.datauy.org
3160372-0,0,0,ErrorData,http://vigilancia.management.datauy.org
4826109-0,0,2,CaptchaFailed,http://vigilancia.development.datauy.org
1149889-6,0,2,CaptchaFailed,http://vigilancia.management.datauy.org
1647934-4,1,1,DataRetrieved,http://vigilancia.development.datauy.org
3245445-3,0,2,CaptchaFailed,http://vigilancia.management.datauy.org
3026659-9,0,2,RequestFail,http://vigilancia.development.datauy.org
3950228-3,1,2,BaseLimitReached,http://vigilancia.management.datauy.org
4223255-0,1,0,BaseLimitReached,http://vigilancia.development.datauy.org
1049759-0,1,0,BaseLimitReached,http://vigilancia.management.datauy.org
2288396-9,0,2,CaptchaFailed,http://vigilancia.development.datauy.org
2715455-1,1,2,BaseLimitReached,http://vigilancia.management.datauy.org
2771831-9,0,2,CaptchaFailed,http://vigilancia.development.datauy.org
2338642-3,1,1,BaseLimitReached,http://vigilancia.management.datauy.org
2444256-9,0,2,CaptchaFailed,http://vigilancia.development.datauy.org
2308493-0,1,2,BaseLimitReached,http://vigilancia.management.datauy.org
1945651-5,1,1,BaseLimitReached,http://vigilancia.development.datauy.org
4023300-7,1,1,BaseLimitReached,http://vigilancia.management.datauy.org
2515685-8,1,1,BaseLimitReached,http://vigilancia.development.datauy.org
3329303-8,1,0,BaseLimitReached,http://vigilancia.management.datauy.org
2019697-4,0,2,CaptchaFailed,http://vigilancia.development.datauy.org
2599751-5,1,1,BaseLimitReached,http://vigilancia.management.datauy.org
2638111-9,1,2,BaseLimitReached,http://vigilancia.development.datauy.org
4819244-9,1,0,BaseLimitReached,http://vigilancia.management.datauy.org
4978030-0,1,1,BaseLimitReached,http://vigilancia.development.datauy.org
3395986-8,1,2,BaseLimitReached,http://vigilancia.management.datauy.org
1957925-8,0,2,CaptchaFailed,http://vigilancia.development.datauy.org
3948399-4,0,2,CaptchaFailed,http://vigilancia.management.datauy.org
3091201-9,1,1,BaseLimitReached,http://vigilancia.development.datauy.org
4324976-2,1,0,BaseLimitReached,http://vigilancia.management.datauy.org
1858153-7,1,0,BaseLimitReached,http://vigilancia.development.datauy.org
1648737-7,1,1,BaseLimitReached,http://vigilancia.management.datauy.org
2485349-5,1,0,BaseLimitReached,http://vigilancia.development.datauy.org
1684263-0,1,0,BaseLimitReached,http://vigilancia.management.datauy.org
1798628-3,1,1,BaseLimitReached,http://vigilancia.development.datauy.org
3133285-4,1,0,BaseLimitReached,http://vigilancia.management.datauy.org
3929710-9,0,2,CaptchaFailed,http://vigilancia.development.datauy.org
3825288-3,1,0,BaseLimitReached,http://vigilancia.management.datauy.org
2083513-6,0,2,CaptchaFailed,http://vigilancia.development.datauy.org
3152965-9,0,2,CaptchaFailed,http://vigilancia.management.datauy.org
3875048-7,1,2,BaseLimitReached,http://vigilancia.development.datauy.org
3371910-7,0,2,CaptchaFailed,http://vigilancia.management.datauy.org
4868422-8,1,0,BaseLimitReached,http://vigilancia.development.datauy.org
1646880-8,1,1,BaseLimitReached,http://vigilancia.management.datauy.org
4710554-0,1,1,BaseLimitReached,http://vigilancia.development.datauy.org
2312678-8,1,2,BaseLimitReached,http://vigilancia.management.datauy.org
2955374-5,1,1,BaseLimitReached,http://vigilancia.development.datauy.org
1656206-6,0,2,CaptchaFailed,http://vigilancia.management.datauy.org
1335978-5,1,0,BaseLimitReached,http://vigilancia.development.datauy.org
4471060-5,1,1,BaseLimitReached,http://vigilancia.management.datauy.org
3985510-1,1,0,BaseLimitReached,http://vigilancia.development.datauy.org
2355677-9,1,0,BaseLimitReached,http://vigilancia.management.datauy.org
2070812-1,1,1,BaseLimitReached,http://vigilancia.development.datauy.org
1623622-7,0,2,CaptchaFailed,http://vigilancia.management.datauy.org
2174921-9,1,0,BaseLimitReached,http://vigilancia.development.datauy.org
2048842-0,1,0,BaseLimitReached,http://vigilancia.management.datauy.org
4019609-9,1,1,BaseLimitReached,http://vigilancia.development.datauy.org
3132847-9,1,1,BaseLimitReached,http://vigilancia.management.datauy.org
4997243-4,1,0,BaseLimitReached,http://vigilancia.development.datauy.org
2110811-4,1,1,BaseLimitReached,http://vigilancia.management.datauy.org
2457824-1,0,2,CaptchaFailed,http://vigilancia.development.datauy.org
1855397-8,1,0,BaseLimitReached,http://vigilancia.management.datauy.org
2759550-5,1,0,BaseLimitReached,http://vigilancia.development.datauy.org
3943174-7,0,2,CaptchaFailed,http://vigilancia.management.datauy.org
2539662-2,0,2,CaptchaFailed,http://vigilancia.development.datauy.org
3558179-0,0,2,CaptchaFailed,http://vigilancia.management.datauy.org
2076459-3,0,2,CaptchaFailed,http://vigilancia.development.datauy.org
1469372-4,1,0,BaseLimitReached,http://vigilancia.management.datauy.org
2383468-0,0,2,CaptchaFailed,http://vigilancia.development.datauy.org
3159974-1,1,1,BaseLimitReached,http://vigilancia.management.datauy.org
3622338-1,1,0,BaseLimitReached,http://vigilancia.development.datauy.org
1258516-7,0,2,CaptchaFailed,http://vigilancia.management.datauy.org
1531884-4,0,2,CaptchaFailed,http://vigilancia.development.datauy.org
3490761-2,0,2,CaptchaFailed,http://vigilancia.management.datauy.org
1905397-9,1,2,BaseLimitReached,http://vigilancia.development.datauy.org
1242439-5,1,0,BaseLimitReached,http://vigilancia.management.datauy.org
4803440-3,1,1,BaseLimitReached,http://vigilancia.development.datauy.org
3860773-9,1,0,BaseLimitReached,http://vigilancia.management.datauy.org
1898646-6,1,1,BaseLimitReached,http://vigilancia.development.datauy.org
1139419-9,0,2,CaptchaFailed,http://vigilancia.management.datauy.org
3331833-7,1,0,BaseLimitReached,http://vigilancia.development.datauy.org
4884158-5,0,2,CaptchaFailed,http://vigilancia.management.datauy.org
2495097-8,1,2,BaseLimitReached,http://vigilancia.development.datauy.org
4402646-0,1,0,BaseLimitReached,http://vigilancia.management.datauy.org
1507780-8,0,2,CaptchaFailed,http://vigilancia.development.datauy.org
3670020-8,1,2,BaseLimitReached,http://vigilancia.management.datauy.org
1451489-1,1,1,BaseLimitReached,http://vigilancia.development.datauy.org
4527391-3,0,2,CaptchaFailed,http://vigilancia.management.datauy.org
1802867-8,1,0,BaseLimitReached,http://vigilancia.development.datauy.org
1448732-5,1,1,BaseLimitReached,http://vigilancia.management.datauy.org
1638202-4,1,0,BaseLimitReached,http://vigilancia.development.datauy.org
3260693-3,1,2,BaseLimitReached,http://vigilancia.management.datauy.org
2304131-2,1,0,BaseLimitReached,http://vigilancia.development.datauy.org
3397754-3,1,1,BaseLimitReached,http://vigilancia.management.datauy.org
2203868-9,0,2,CaptchaFailed,http://vigilancia.development.datauy.org
3843794-4,1,0,BaseLimitReached,http://vigilancia.management.datauy.org
1955933-7,1,0,BaseLimitReached,http://vigilancia.development.datauy.org
3280328-6,0,2,CaptchaFailed,http://vigilancia.management.datauy.org
4313167-4,1,1,BaseLimitReached,http://vigilancia.development.datauy.org
3339403-4,0,2,CaptchaFailed,http://vigilancia.management.datauy.org
1440302-4,0,2,CaptchaFailed,http://vigilancia.development.datauy.org
2935506-2,1,1,BaseLimitReached,http://vigilancia.management.datauy.org
3597921-4,1,1,BaseLimitReached,http://vigilancia.development.datauy.org
1972188-5,1,0,BaseLimitReached,http://vigilancia.management.datauy.org
1426267-6,0,2,CaptchaFailed,http://vigilancia.development.datauy.org
4503320-2,0,2,CaptchaFailed,http://vigilancia.management.datauy.org
2214629-4,1,0,BaseLimitReached,http://vigilancia.development.datauy.org
1229708-7,0,2,CaptchaFailed,http://vigilancia.management.datauy.org
3364093-2,1,2,BaseLimitReached,http://vigilancia.development.datauy.org
3113276-9,1,0,BaseLimitReached,http://vigilancia.management.datauy.org
1369128-6,0,2,CaptchaFailed,http://vigilancia.development.datauy.org
1695926-3,0,2,CaptchaFailed,http://vigilancia.management.datauy.org
2997435-1,1,0,BaseLimitReached,http://vigilancia.development.datauy.org
2864227-2,0,2,CaptchaFailed,http://vigilancia.management.datauy.org
1098572-1,1,0,BaseLimitReached,http://vigilancia.development.datauy.org
3505216-5,1,0,BaseLimitReached,http://vigilancia.management.datauy.org
1534247-9,1,1,BaseLimitReached,http://vigilancia.development.datauy.org
1550063-3,1,0,BaseLimitReached,http://vigilancia.management.datauy.org
3032607-2,1,1,BaseLimitReached,http://vigilancia.development.datauy.org
2337116-3,1,1,BaseLimitReached,http://vigilancia.management.datauy.org
1998797-2,1,0,BaseLimitReached,http://vigilancia.development.datauy.org
3670811-9,0,2,CaptchaFailed,http://vigilancia.management.datauy.org
4597810-5,1,2,BaseLimitReached,http://vigilancia.development.datauy.org
3302929-7,1,1,BaseLimitReached,http://vigilancia.management.datauy.org
2068565-4,0,2,CaptchaFailed,http://vigilancia.development.datauy.org
1801678-0,1,1,BaseLimitReached,http://vigilancia.management.datauy.org
2146723-3,1,1,BaseLimitReached,http://vigilancia.development.datauy.org
3024500-0,0,2,CaptchaFailed,http://vigilancia.management.datauy.org
4082008-2,1,2,BaseLimitReached,http://vigilancia.development.datauy.org
1459891-0,0,2,CaptchaFailed,http://vigilancia.management.datauy.org
1363903-6,1,0,BaseLimitReached,http://vigilancia.development.datauy.org
4522312-8,0,2,CaptchaFailed,http://vigilancia.management.datauy.org
3395398-3,0,2,CaptchaFailed,http://vigilancia.development.datauy.org
3961825-4,1,0,BaseLimitReached,http://vigilancia.management.datauy.org
1494500-2,1,2,BaseLimitReached,http://vigilancia.development.datauy.org
3821667-7,1,1,BaseLimitReached,http://vigilancia.management.datauy.org
3465145-7,1,0,BaseLimitReached,http://vigilancia.development.datauy.org
2709131-1,1,0,BaseLimitReached,http://vigilancia.management.datauy.org
4051377-8,1,1,BaseLimitReached,http://vigilancia.development.datauy.org
1829238-4,1,1,BaseLimitReached,http://vigilancia.management.datauy.org
4822408-4,0,2,CaptchaFailed,http://vigilancia.development.datauy.org
4420507-2,1,2,BaseLimitReached,http://vigilancia.management.datauy.org
2525166-2,0,2,CaptchaFailed,http://vigilancia.development.datauy.org
2819844-7,1,0,BaseLimitReached,http://vigilancia.management.datauy.org
2284734-9,1,2,BaseLimitReached,http://vigilancia.development.datauy.org
2623740-1,1,2,BaseLimitReached,http://vigilancia.management.datauy.org
1325060-2,1,1,BaseLimitReached,http://vigilancia.development.datauy.org
2818983-0,0,2,CaptchaFailed,http://vigilancia.management.datauy.org
3173804-4,0,2,CaptchaFailed,http://vigilancia.development.datauy.org
3357669-8,1,0,BaseLimitReached,http://vigilancia.management.datauy.org
4156100-5,1,0,BaseLimitReached,http://vigilancia.development.datauy.org
4172602-9,0,2,CaptchaFailed,http://vigilancia.management.datauy.org
2028480-6,1,0,BaseLimitReached,http://vigilancia.development.datauy.org
3753910-3,1,0,BaseLimitReached,http://vigilancia.management.datauy.org
2475531-6,1,2,BaseLimitReached,http://vigilancia.development.datauy.org
3097047-3,1,0,BaseLimitReached,http://vigilancia.management.datauy.org
4555590-5,0,2,CaptchaFailed,http://vigilancia.development.datauy.org
3622256-9,0,2,CaptchaFailed,http://vigilancia.management.datauy.org
1121547-6,1,0,BaseLimitReached,http://vigilancia.development.datauy.org
3637598-8,1,0,BaseLimitReached,http://vigilancia.management.datauy.org
4082148-4,1,0,BaseLimitReached,http://vigilancia.development.datauy.org
1485451-0,1,1,BaseLimitReached,http://vigilancia.management.datauy.org
3159910-5,1,0,BaseLimitReached,http://vigilancia.development.datauy.org
2477547-5,0,2,CaptchaFailed,http://vigilancia.management.datauy.org
4447278-0,1,0,BaseLimitReached,http://vigilancia.development.datauy.org
3654412-7,1,1,BaseLimitReached,http://vigilancia.management.datauy.org
1299215-0,1,1,BaseLimitReached,http://vigilancia.development.datauy.org
2912423-1,1,2,BaseLimitReached,http://vigilancia.management.datauy.org
1363543-8,0,2,CaptchaFailed,http://vigilancia.development.datauy.org
4350593-6,1,0,BaseLimitReached,http://vigilancia.management.datauy.org
3741663-6,0,2,CaptchaFailed,http://vigilancia.development.datauy.org
1185952-3,1,2,BaseLimitReached,http://vigilancia.management.datauy.org
3771101-8,1,0,BaseLimitReached,http://vigilancia.development.datauy.org
1266829-0,1,2,BaseLimitReached,http://vigilancia.management.datauy.org
3005797-2,0,2,CaptchaFailed,http://vigilancia.development.datauy.org
1055836-2,1,2,BaseLimitReached,http://vigilancia.management.datauy.org
2890570-1,1,1,BaseLimitReached,http://vigilancia.development.datauy.org
3330859-4,1,0,BaseLimitReached,http://vigilancia.management.datauy.org
2874820-6,1,0,BaseLimitReached,http://vigilancia.development.datauy.org
1064375-3,1,2,BaseLimitReached,http://vigilancia.management.datauy.org
1688528-6,1,2,BaseLimitReached,http://vigilancia.development.datauy.org
2030920-2,1,0,BaseLimitReached,http://vigilancia.management.datauy.org
4236978-1,1,1,BaseLimitReached,http://vigilancia.development.datauy.org
2717010-3,0,2,CaptchaFailed,http://vigilancia.management.datauy.org
4784832-2,1,2,BaseLimitReached,http://vigilancia.development.datauy.org
1712510-0,1,1,BaseLimitReached,http://vigilancia.management.datauy.org
4814058-7,1,0,BaseLimitReached,http://vigilancia.development.datauy.org
4340423-1,1,2,BaseLimitReached,http://vigilancia.management.datauy.org
4334768-1,1,0,BaseLimitReached,http://vigilancia.development.datauy.org
4935606-2,1,0,BaseLimitReached,http://vigilancia.management.datauy.org
2978021-3,1,0,BaseLimitReached,http://vigilancia.development.datauy.org
3416916-7,0,2,CaptchaFailed,http://vigilancia.management.datauy.org
1421058-2,1,0,BaseLimitReached,http://vigilancia.development.datauy.org
1137932-5,1,1,BaseLimitReached,http://vigilancia.management.datauy.org
4894465-8,1,1,BaseLimitReached,http://vigilancia.development.datauy.org
4868337-1,1,1,BaseLimitReached,http://vigilancia.management.datauy.org
3792346-1,1,2,BaseLimitReached,http://vigilancia.development.datauy.org
1193680-6,0,2,CaptchaFailed,http://vigilancia.management.datauy.org
2780761-5,1,0,BaseLimitReached,http://vigilancia.development.datauy.org
4155891-9,1,1,BaseLimitReached,http://vigilancia.management.datauy.org
4544275-4,1,1,BaseLimitReached,http://vigilancia.development.datauy.org
1522424-7,1,1,BaseLimitReached,http://vigilancia.management.datauy.org
4341845-6,1,2,BaseLimitReached,http://vigilancia.development.datauy.org
3315376-1,0,2,CaptchaFailed,http://vigilancia.management.datauy.org
1789255-1,1,0,BaseLimitReached,http://vigilancia.development.datauy.org
2347642-2,1,1,BaseLimitReached,http://vigilancia.management.datauy.org
3371214-3,1,2,BaseLimitReached,http://vigilancia.development.datauy.org
3679827-9,1,0,BaseLimitReached,http://vigilancia.management.datauy.org
4678503-4,1,0,BaseLimitReached,http://vigilancia.development.datauy.org
1246034-1,1,0,BaseLimitReached,http://vigilancia.management.datauy.org
3744204-3,1,0,BaseLimitReached,http://vigilancia.development.datauy.org
1367031-1,1,0,BaseLimitReached,http://vigilancia.management.datauy.org
2276955-1,0,2,CaptchaFailed,http://vigilancia.development.datauy.org
2981183-2,1,1,BaseLimitReached,http://vigilancia.management.datauy.org
3084043-8,0,2,CaptchaFailed,http://vigilancia.development.datauy.org
2061788-3,1,2,BaseLimitReached,http://vigilancia.management.datauy.org
3693694-8,1,0,BaseLimitReached,http://vigilancia.development.datauy.org
2898101-6,0,2,CaptchaFailed,http://vigilancia.management.datauy.org
1402211-9,1,0,BaseLimitReached,http://vigilancia.development.datauy.org
3028462-2,1,2,BaseLimitReached,http://vigilancia.management.datauy.org
2833707-9,1,0,BaseLimitReached,http://vigilancia.development.datauy.org
3380234-6,1,2,BaseLimitReached,http://vigilancia.management.datauy.org
1445379-0,1,0,BaseLimitReached,http://vigilancia.development.datauy.org
3254766-4,1,2,BaseLimitReached,http://vigilancia.management.datauy.org
3518168-9,1,0,BaseLimitReached,http://vigilancia.development.datauy.org
1339844-8,1,1,BaseLimitReached,http://vigilancia.management.datauy.org
3123104-6,1,0,BaseLimitReached,http://vigilancia.development.datauy.org
2310514-2,1,0,BaseLimitReached,http://vigilancia.management.datauy.org
1533526-8,1,0,BaseLimitReached,http://vigilancia.development.datauy.org
4903866-0,1,2,BaseLimitReached,http://vigilancia.management.datauy.org
1466405-8,0,2,CaptchaFailed,http://vigilancia.development.datauy.org
1077801-1,1,1,BaseLimitReached,http://vigilancia.management.datauy.org
1426291-1,1,0,BaseLimitReached,http://vigilancia.development.datauy.org
4808252-9,1,0,BaseLimitReached,http://vigilancia.management.datauy.org
3393179-1,1,0,BaseLimitReached,http://vigilancia.development.datauy.org
2215548-1,0,2,CaptchaFailed,http://vigilancia.management.datauy.org
2155894-1,0,2,CaptchaFailed,http://vigilancia.development.datauy.org
1764393-2,0,2,CaptchaFailed,http://vigilancia.management.datauy.org
4895377-6,0,2,CaptchaFailed,http://vigilancia.development.datauy.org
1834398-7,1,2,BaseLimitReached,http://vigilancia.management.datauy.org
2010429-2,1,2,BaseLimitReached,http://vigilancia.development.datauy.org
3639581-5,1,0,BaseLimitReached,http://vigilancia.management.datauy.org
2201431-4,1,2,BaseLimitReached,http://vigilancia.development.datauy.org
3287386-7,1,1,BaseLimitReached,http://vigilancia.management.datauy.org
1620764-2,1,0,BaseLimitReached,http://vigilancia.development.datauy.org
4285475-0,1,0,BaseLimitReached,http://vigilancia.management.datauy.org
4349175-3,0,2,CaptchaFailed,http://vigilancia.development.datauy.org
4314460-7,1,0,BaseLimitReached,http://vigilancia.management.datauy.org
2183576-7,1,0,BaseLimitReached,http://vigilancia.development.datauy.org
4751388-8,1,0,BaseLimitReached,http://vigilancia.management.datauy.org
2342922-5,1,2,BaseLimitReached,http://vigilancia.development.datauy.org
4017285-9,1,0,BaseLimitReached,http://vigilancia.management.datauy.org
3131622-4,1,2,BaseLimitReached,http://vigilancia.development.datauy.org
2788303-3,1,0,BaseLimitReached,http://vigilancia.management.datauy.org
2272052-5,1,0,BaseLimitReached,http://vigilancia.development.datauy.org
1649790-0,1,1,BaseLimitReached,http://vigilancia.management.datauy.org
3128148-3,1,1,BaseLimitReached,http://vigilancia.development.datauy.org
4395157-9,1,0,BaseLimitReached,http://vigilancia.management.datauy.org
2960306-5,0,2,CaptchaFailed,http://vigilancia.development.datauy.org
3661675-8,1,0,BaseLimitReached,http://vigilancia.management.datauy.org
4299024-7,1,2,BaseLimitReached,http://vigilancia.development.datauy.org
3426713-3,1,0,BaseLimitReached,http://vigilancia.management.datauy.org
3739478-7,1,2,BaseLimitReached,http://vigilancia.development.datauy.org
4725317-9,1,2,BaseLimitReached,http://vigilancia.management.datauy.org
3234965-2,1,0,BaseLimitReached,http://vigilancia.development.datauy.org
2132657-0,0,2,CaptchaFailed,http://vigilancia.management.datauy.org
1940866-5,1,1,BaseLimitReached,http://vigilancia.development.datauy.org
4390861-3,1,2,BaseLimitReached,http://vigilancia.management.datauy.org
2897052-0,0,2,CaptchaFailed,http://vigilancia.development.datauy.org
1836244-0,0,2,CaptchaFailed,http://vigilancia.management.datauy.org
1225259-6,1,2,BaseLimitReached,http://vigilancia.development.datauy.org
3907482-8,1,0,BaseLimitReached,http://vigilancia.management.datauy.org
4475826-7,1,2,BaseLimitReached,http://vigilancia.development.datauy.org
2426691-5,1,1,BaseLimitReached,http://vigilancia.management.datauy.org
2194868-9,0,2,CaptchaFailed,http://vigilancia.development.datauy.org
1096591-3,1,0,BaseLimitReached,http://vigilancia.management.datauy.org
1712167-1,1,0,BaseLimitReached,http://vigilancia.development.datauy.org
1544044-5,1,0,BaseLimitReached,http://vigilancia.management.datauy.org
4411052-8,1,0,BaseLimitReached,http://vigilancia.development.datauy.org
2895745-3,0,2,CaptchaFailed,http://vigilancia.management.datauy.org
1295432-2,1,0,BaseLimitReached,http://vigilancia.development.datauy.org
1753975-9,1,2,BaseLimitReached,http://vigilancia.management.datauy.org
1913030-9,1,1,BaseLimitReached,http://vigilancia.development.datauy.org
3427056-4,0,2,CaptchaFailed,http://vigilancia.management.datauy.org
3542279-4,1,0,BaseLimitReached,http://vigilancia.development.datauy.org
3185083-0,1,0,BaseLimitReached,http://vigilancia.management.datauy.org
4076848-2,1,0,BaseLimitReached,http://vigilancia.development.datauy.org
1670428-6,1,2,BaseLimitReached,http://vigilancia.management.datauy.org
2580241-9,0,2,CaptchaFailed,http://vigilancia.development.datauy.org
2037154-6,1,0,BaseLimitReached,http://vigilancia.management.datauy.org
4332104-5,0,2,CaptchaFailed,http://vigilancia.development.datauy.org
1879266-3,0,2,CaptchaFailed,http://vigilancia.management.datauy.org
4463868-9,1,0,BaseLimitReached,http://vigilancia.development.datauy.org
3071583-5,0,2,CaptchaFailed,http://vigilancia.management.datauy.org
1604584-6,1,1,BaseLimitReached,http://vigilancia.development.datauy.org
2698834-1,1,0,BaseLimitReached,http://vigilancia.management.datauy.org
4204242-4,1,1,BaseLimitReached,http://vigilancia.development.datauy.org
2545451-1,1,2,BaseLimitReached,http://vigilancia.management.datauy.org
2089695-6,0,2,CaptchaFailed,http://vigilancia.development.datauy.org
2101294-5,1,0,BaseLimitReached,http://vigilancia.management.datauy.org
3381697-5,1,0,BaseLimitReached,http://vigilancia.development.datauy.org
2314956-0,1,1,BaseLimitReached,http://vigilancia.management.datauy.org
1008777-1,1,0,BaseLimitReached,http://vigilancia.development.datauy.org
2857523-7,1,0,BaseLimitReached,http://vigilancia.management.datauy.org
3741649-8,0,2,CaptchaFailed,http://vigilancia.development.datauy.org
2203647-1,1,0,BaseLimitReached,http://vigilancia.management.datauy.org
2954115-8,1,2,BaseLimitReached,http://vigilancia.development.datauy.org
4453817-6,1,2,BaseLimitReached,http://vigilancia.management.datauy.org
2747692-1,0,2,CaptchaFailed,http://vigilancia.development.datauy.org
2365168-0,1,1,BaseLimitReached,http://vigilancia.management.datauy.org
2349562-8,0,2,CaptchaFailed,http://vigilancia.development.datauy.org
3043126-5,1,0,BaseLimitReached,http://vigilancia.management.datauy.org
3119144-0,0,2,CaptchaFailed,http://vigilancia.development.datauy.org
3262594-1,1,1,BaseLimitReached,http://vigilancia.management.datauy.org
1470182-8,1,1,BaseLimitReached,http://vigilancia.development.datauy.org
1661424-3,0,2,CaptchaFailed,http://vigilancia.management.datauy.org
1447677-6,0,2,CaptchaFailed,http://vigilancia.development.datauy.org
4547031-3,0,2,CaptchaFailed,http://vigilancia.management.datauy.org
2331853-3,1,1,BaseLimitReached,http://vigilancia.development.datauy.org
3027920-9,1,0,BaseLimitReached,http://vigilancia.management.datauy.org
1584185-1,1,0,BaseLimitReached,http://vigilancia.development.datauy.org
1663957-8,0,2,CaptchaFailed,http://vigilancia.management.datauy.org
3907187-6,1,0,BaseLimitReached,http://vigilancia.development.datauy.org
1048054-9,1,1,BaseLimitReached,http://vigilancia.management.datauy.org
3735541-6,1,2,BaseLimitReached,http://vigilancia.development.datauy.org
4511773-7,0,2,CaptchaFailed,http://vigilancia.management.datauy.org
2746890-4,1,1,BaseLimitReached,http://vigilancia.development.datauy.org
2939783-0,1,0,BaseLimitReached,http://vigilancia.management.datauy.org
2057225-9,1,0,BaseLimitReached,http://vigilancia.development.datauy.org
3836586-8,1,0,BaseLimitReached,http://vigilancia.management.datauy.org
4041079-6,0,2,CaptchaFailed,http://vigilancia.development.datauy.org
4438923-4,1,1,BaseLimitReached,http://vigilancia.management.datauy.org
1151543-8,0,2,CaptchaFailed,http://vigilancia.development.datauy.org
4049858-2,1,0,BaseLimitReached,http://vigilancia.management.datauy.org
2296446-4,1,0,BaseLimitReached,http://vigilancia.development.datauy.org
3893193-4,1,0,BaseLimitReached,http://vigilancia.management.datauy.org
1253505-9,1,0,BaseLimitReached,http://vigilancia.development.datauy.org
4250563-4,0,2,CaptchaFailed,http://vigilancia.management.datauy.org
3347011-9,1,1,BaseLimitReached,http://vigilancia.development.datauy.org
3001198-2,1,0,BaseLimitReached,http://vigilancia.management.datauy.org
1615732-2,1,2,BaseLimitReached,http://vigilancia.development.datauy.org
4696575-3,0,2,CaptchaFailed,http://vigilancia.management.datauy.org
1044324-8,1,0,BaseLimitReached,http://vigilancia.development.datauy.org
3734877-2,1,1,BaseLimitReached,http://vigilancia.management.datauy.org
2959169-2,1,2,BaseLimitReached,http://vigilancia.development.datauy.org
1514507-9,0,2,CaptchaFailed,http://vigilancia.management.datauy.org
4396302-5,0,2,CaptchaFailed,http://vigilancia.development.datauy.org
3406848-4,1,0,BaseLimitReached,http://vigilancia.management.datauy.org
1061539-8,1,0,BaseLimitReached,http://vigilancia.development.datauy.org
1728155-2,0,2,CaptchaFailed,http://vigilancia.management.datauy.org
1434768-8,1,0,BaseLimitReached,http://vigilancia.development.datauy.org
1645726-5,1,2,BaseLimitReached,http://vigilancia.management.datauy.org
2392114-8,0,2,CaptchaFailed,http://vigilancia.development.datauy.org
4341957-9,1,1,BaseLimitReached,http://vigilancia.management.datauy.org
1693781-1,1,2,BaseLimitReached,http://vigilancia.development.datauy.org
1127656-9,1,0,BaseLimitReached,http://vigilancia.management.datauy.org
3853730-0,0,2,CaptchaFailed,http://vigilancia.development.datauy.org
3440672-1,0,2,CaptchaFailed,http://vigilancia.management.datauy.org
3067441-7,0,2,CaptchaFailed,http://vigilancia.development.datauy.org
4910957-6,0,2,CaptchaFailed,http://vigilancia.management.datauy.org
2277259-0,1,0,BaseLimitReached,http://vigilancia.development.datauy.org
2108521-1,1,2,BaseLimitReached,http://vigilancia.management.datauy.org
4349880-8,1,0,BaseLimitReached,http://vigilancia.development.datauy.org
2428803-8,1,2,BaseLimitReached,http://vigilancia.management.datauy.org
1158379-8,0,2,CaptchaFailed,http://vigilancia.development.datauy.org
1646327-8,1,1,BaseLimitReached,http://vigilancia.management.datauy.org
1321997-9,1,1,BaseLimitReached,http://vigilancia.development.datauy.org
1411885-5,0,2,CaptchaFailed,http://vigilancia.management.datauy.org
4896892-3,1,0,BaseLimitReached,http://vigilancia.development.datauy.org
3669009-3,0,2,CaptchaFailed,http://vigilancia.management.datauy.org
3413084-9,1,0,BaseLimitReached,http://vigilancia.development.datauy.org
1512624-3,1,2,BaseLimitReached,http://vigilancia.management.datauy.org
3365584-4,1,0,BaseLimitReached,http://vigilancia.development.datauy.org
3457410-2,0,2,CaptchaFailed,http://vigilancia.management.datauy.org
4247502-5,0,2,CaptchaFailed,http://vigilancia.development.datauy.org
1324753-8,1,0,BaseLimitReached,http://vigilancia.management.datauy.org
3971919-7,1,0,BaseLimitReached,http://vigilancia.development.datauy.org
3643805-9,0,2,CaptchaFailed,http://vigilancia.management.datauy.org
3731603-2,1,0,BaseLimitReached,http://vigilancia.development.datauy.org
4033459-2,0,2,CaptchaFailed,http://vigilancia.management.datauy.org
4371962-2,1,1,BaseLimitReached,http://vigilancia.development.datauy.org
4166372-6,1,0,BaseLimitReached,http://vigilancia.management.datauy.org
4679187-1,0,2,CaptchaFailed,http://vigilancia.development.datauy.org
1764076-4,0,2,CaptchaFailed,http://vigilancia.management.datauy.org
3508330-6,1,0,BaseLimitReached,http://vigilancia.development.datauy.org
1372968-7,0,2,CaptchaFailed,http://vigilancia.management.datauy.org
1891734-0,1,2,BaseLimitReached,http://vigilancia.development.datauy.org
2362060-9,0,2,CaptchaFailed,http://vigilancia.management.datauy.org
3813642-7,1,1,BaseLimitReached,http://vigilancia.development.datauy.org
3959176-9,1,1,BaseLimitReached,http://vigilancia.management.datauy.org
2273018-6,0,2,CaptchaFailed,http://vigilancia.development.datauy.org
1090901-8,1,2,BaseLimitReached,http://vigilancia.management.datauy.org
1067697-0,1,0,BaseLimitReached,http://vigilancia.development.datauy.org
1622898-7,1,2,BaseLimitReached,http://vigilancia.management.datauy.org
2519706-4,0,2,CaptchaFailed,http://vigilancia.development.datauy.org
1226077-3,1,2,BaseLimitReached,http://vigilancia.management.datauy.org
2269227-1,1,0,BaseLimitReached,http://vigilancia.development.datauy.org
2841704-7,1,2,BaseLimitReached,http://vigilancia.management.datauy.org
1637964-3,0,2,CaptchaFailed,http://vigilancia.development.datauy.org
2166119-2,1,0,BaseLimitReached,http://vigilancia.management.datauy.org
1510714-4,0,2,CaptchaFailed,http://vigilancia.development.datauy.org
4051050-0,1,1,BaseLimitReached,http://vigilancia.management.datauy.org
2678744-0,1,0,BaseLimitReached,http://vigilancia.development.datauy.org
3876299-9,1,0,BaseLimitReached,http://vigilancia.management.datauy.org
2508460-3,1,0,BaseLimitReached,http://vigilancia.development.datauy.org
1926247-7,1,0,BaseLimitReached,http://vigilancia.management.datauy.org
4201054-6,0,2,CaptchaFailed,http://vigilancia.development.datauy.org
1480380-6,0,2,CaptchaFailed,http://vigilancia.management.datauy.org
4570054-0,1,2,BaseLimitReached,http://vigilancia.development.datauy.org
2932657-8,1,1,BaseLimitReached,http://vigilancia.management.datauy.org
4513841-4,0,2,CaptchaFailed,http://vigilancia.development.datauy.org
3942016-0,1,2,BaseLimitReached,http://vigilancia.management.datauy.org
2099030-2,0,2,CaptchaFailed,http://vigilancia.development.datauy.org
4193028-2,0,2,CaptchaFailed,http://vigilancia.management.datauy.org
4706094-4,1,1,BaseLimitReached,http://vigilancia.development.datauy.org
4607361-9,0,2,CaptchaFailed,http://vigilancia.management.datauy.org
4565998-1,1,0,BaseLimitReached,http://vigilancia.development.datauy.org
1597828-6,1,0,BaseLimitReached,http://vigilancia.management.datauy.org
1969422-8,0,2,CaptchaFailed,http://vigilancia.development.datauy.org
3379640-0,1,0,BaseLimitReached,http://vigilancia.management.datauy.org
4557006-4,1,2,BaseLimitReached,http://vigilancia.development.datauy.org
3242441-0,1,2,BaseLimitReached,http://vigilancia.management.datauy.org
3470543-8,1,1,BaseLimitReached,http://vigilancia.development.datauy.org
4624705-2,1,0,BaseLimitReached,http://vigilancia.management.datauy.org
3865341-5,0,2,CaptchaFailed,http://vigilancia.development.datauy.org
4990251-8,0,2,CaptchaFailed,http://vigilancia.management.datauy.org
4850784-8,1,1,BaseLimitReached,http://vigilancia.development.datauy.org
1134568-7,0,2,CaptchaFailed,http://vigilancia.management.datauy.org
2831955-4,1,1,BaseLimitReached,http://vigilancia.development.datauy.org
1488748-6,1,1,BaseLimitReached,http://vigilancia.management.datauy.org
2300688-7,1,0,BaseLimitReached,http://vigilancia.development.datauy.org
3342670-4,1,1,BaseLimitReached,http://vigilancia.management.datauy.org
4539799-5,0,2,CaptchaFailed,http://vigilancia.development.datauy.org
3979434-5,1,0,BaseLimitReached,http://vigilancia.management.datauy.org
2218970-9,0,2,CaptchaFailed,http://vigilancia.development.datauy.org
2048260-8,0,2,CaptchaFailed,http://vigilancia.management.datauy.org
4905682-8,1,0,BaseLimitReached,http://vigilancia.development.datauy.org
1420025-0,1,0,BaseLimitReached,http://vigilancia.management.datauy.org
2528642-3,1,0,BaseLimitReached,http://vigilancia.development.datauy.org
4475736-0,0,2,CaptchaFailed,http://vigilancia.management.datauy.org
3352684-7,1,1,BaseLimitReached,http://vigilancia.development.datauy.org
2042484-6,0,2,CaptchaFailed,http://vigilancia.management.datauy.org
3417753-2,0,2,CaptchaFailed,http://vigilancia.development.datauy.org
4451715-4,1,1,BaseLimitReached,http://vigilancia.management.datauy.org
1235512-0,1,0,BaseLimitReached,http://vigilancia.development.datauy.org
3123847-0,0,2,CaptchaFailed,http://vigilancia.management.datauy.org
4059077-0,1,0,BaseLimitReached,http://vigilancia.development.datauy.org
4801512-2,1,2,BaseLimitReached,http://vigilancia.management.datauy.org
3721677-3,0,2,CaptchaFailed,http://vigilancia.development.datauy.org
1028499-9,1,0,BaseLimitReached,http://vigilancia.management.datauy.org
3181153-1,0,2,CaptchaFailed,http://vigilancia.development.datauy.org
3278683-2,1,2,BaseLimitReached,http://vigilancia.management.datauy.org
3270941-0,0,2,CaptchaFailed,http://vigilancia.development.datauy.org
1651696-0,0,2,CaptchaFailed,http://vigilancia.management.datauy.org
2903389-6,1,1,BaseLimitReached,http://vigilancia.development.datauy.org
2136283-3,1,1,BaseLimitReached,http://vigilancia.management.datauy.org
1641947-1,1,2,BaseLimitReached,http://vigilancia.development.datauy.org
2754173-6,0,2,CaptchaFailed,http://vigilancia.management.datauy.org
2270852-1,1,1,BaseLimitReached,http://vigilancia.development.datauy.org
3473904-1,1,0,BaseLimitReached,http://vigilancia.management.datauy.org
3242923-8,1,0,BaseLimitReached,http://vigilancia.development.datauy.org
3571541-0,1,1,BaseLimitReached,http://vigilancia.management.datauy.org
1816575-5,0,2,CaptchaFailed,http://vigilancia.development.datauy.org
2782723-5,0,2,CaptchaFailed,http://vigilancia.management.datauy.org
2550975-6,1,0,BaseLimitReached,http://vigilancia.development.datauy.org
3035547-5,0,2,CaptchaFailed,http://vigilancia.management.datauy.org
3830985-0,1,0,BaseLimitReached,http://vigilancia.development.datauy.org
2456658-5,1,0,BaseLimitReached,http://vigilancia.management.datauy.org
3455573-0,1,0,BaseLimitReached,http://vigilancia.development.datauy.org
1359627-8,0,2,CaptchaFailed,http://vigilancia.management.datauy.org
1932395-4,1,1,BaseLimitReached,http://vigilancia.development.datauy.org
1808258-1,1,0,BaseLimitReached,http://vigilancia.management.datauy.org
2402112-9,1,0,BaseLimitReached,http://vigilancia.development.datauy.org
4350149-1,0,2,CaptchaFailed,http://vigilancia.management.datauy.org
1259973-0,1,0,BaseLimitReached,http://vigilancia.development.datauy.org
2637626-3,1,0,BaseLimitReached,http://vigilancia.management.datauy.org
2473997-4,0,2,CaptchaFailed,http://vigilancia.development.datauy.org
4319052-1,1,2,BaseLimitReached,http://vigilancia.management.datauy.org
2439139-2,1,0,BaseLimitReached,http://vigilancia.development.datauy.org
1195674-9,1,2,BaseLimitReached,http://vigilancia.management.datauy.org
4347552-1,1,0,BaseLimitReached,http://vigilancia.development.datauy.org
4620293-1,1,0,BaseLimitReached,http://vigilancia.management.datauy.org
3474359-5,0,2,CaptchaFailed,http://vigilancia.development.datauy.org
2618494-1,1,0,BaseLimitReached,http://vigilancia.management.datauy.org
1271990-6,0,2,CaptchaFailed,http://vigilancia.development.datauy.org
1377749-6,1,0,BaseLimitReached,http://vigilancia.management.datauy.org
3754778-8,1,0,BaseLimitReached,http://vigilancia.development.datauy.org
1913938-3,0,2,CaptchaFailed,http://vigilancia.management.datauy.org
3131923-2,0,2,CaptchaFailed,http://vigilancia.development.datauy.org
1025630-2,1,0,BaseLimitReached,http://vigilancia.management.datauy.org
4387844-6,1,0,BaseLimitReached,http://vigilancia.development.datauy.org
1374846-3,0,2,CaptchaFailed,http://vigilancia.management.datauy.org
3597173-9,0,2,CaptchaFailed,http://vigilancia.development.datauy.org
1204419-9,1,0,BaseLimitReached,http://vigilancia.management.datauy.org
3157571-1,1,2,BaseLimitReached,http://vigilancia.development.datauy.org
1148148-1,1,2,BaseLimitReached,http://vigilancia.management.datauy.org
3239968-5,1,0,BaseLimitReached,http://vigilancia.development.datauy.org
1988556-8,0,2,CaptchaFailed,http://vigilancia.management.datauy.org
2604808-4,1,2,BaseLimitReached,http://vigilancia.development.datauy.org
1695541-1,0,2,CaptchaFailed,http://vigilancia.management.datauy.org
2348184-5,0,2,CaptchaFailed,http://vigilancia.development.datauy.org
3537204-8,1,1,BaseLimitReached,http://vigilancia.management.datauy.org
2503801-8,1,2,BaseLimitReached,http://vigilancia.development.datauy.org
3750298-0,1,1,BaseLimitReached,http://vigilancia.management.datauy.org
2887353-6,1,1,BaseLimitReached,http://vigilancia.development.datauy.org
2763776-7,0,2,CaptchaFailed,http://vigilancia.management.datauy.org
1387925-8,1,0,BaseLimitReached,http://vigilancia.development.datauy.org
4361352-9,0,2,CaptchaFailed,http://vigilancia.management.datauy.org
2082828-2,1,0,BaseLimitReached,http://vigilancia.development.datauy.org
2827065-1,0,2,CaptchaFailed,http://vigilancia.management.datauy.org
4557028-0,1,0,BaseLimitReached,http://vigilancia.development.datauy.org
1430380-6,1,1,BaseLimitReached,http://vigilancia.management.datauy.org
2447358-4,1,2,BaseLimitReached,http://vigilancia.development.datauy.org
3031388-9,1,0,BaseLimitReached,http://vigilancia.management.datauy.org
3048876-3,1,0,BaseLimitReached,http://vigilancia.development.datauy.org
2719350-9,1,0,BaseLimitReached,http://vigilancia.management.datauy.org
3409138-8,0,2,CaptchaFailed,http://vigilancia.development.datauy.org
1803654-8,1,1,BaseLimitReached,http://vigilancia.management.datauy.org
3633289-3,1,1,BaseLimitReached,http://vigilancia.development.datauy.org
1541062-8,1,1,BaseLimitReached,http://vigilancia.management.datauy.org
1829286-7,1,0,BaseLimitReached,http://vigilancia.development.datauy.org
3021134-0,1,0,BaseLimitReached,http://vigilancia.management.datauy.org
1915910-7,1,2,BaseLimitReached,http://vigilancia.development.datauy.org
4426460-6,0,2,CaptchaFailed,http://vigilancia.management.datauy.org
3225555-0,0,2,CaptchaFailed,http://vigilancia.development.datauy.org
4073482-9,0,2,CaptchaFailed,http://vigilancia.management.datauy.org
4574610-4,1,0,BaseLimitReached,http://vigilancia.development.datauy.org
1465523-1,1,2,BaseLimitReached,http://vigilancia.management.datauy.org
1062038-5,1,0,BaseLimitReached,http://vigilancia.development.datauy.org
2179418-9,1,1,BaseLimitReached,http://vigilancia.management.datauy.org
2161066-0,1,1,BaseLimitReached,http://vigilancia.development.datauy.org
2410224-8,0,2,CaptchaFailed,http://vigilancia.management.datauy.org
4716623-5,0,2,CaptchaFailed,http://vigilancia.development.datauy.org
3664868-6,1,1,BaseLimitReached,http://vigilancia.management.datauy.org
1160522-7,1,2,BaseLimitReached,http://vigilancia.development.datauy.org
2603977-8,1,0,BaseLimitReached,http://vigilancia.management.datauy.org
1428644-6,1,2,BaseLimitReached,http://vigilancia.development.datauy.org
1548449-3,1,0,BaseLimitReached,http://vigilancia.management.datauy.org
1965330-7,1,1,BaseLimitReached,http://vigilancia.development.datauy.org
2511473-9,1,0,BaseLimitReached,http://vigilancia.management.datauy.org
3375515-3,1,0,BaseLimitReached,http://vigilancia.development.datauy.org
1522358-8,1,1,BaseLimitReached,http://vigilancia.management.datauy.org
2941855-3,1,0,BaseLimitReached,http://vigilancia.development.datauy.org
4822875-1,1,0,BaseLimitReached,http://vigilancia.management.datauy.org
3553747-6,1,0,BaseLimitReached,http://vigilancia.development.datauy.org
4990732-0,1,0,BaseLimitReached,http://vigilancia.management.datauy.org
2542225-7,0,2,CaptchaFailed,http://vigilancia.development.datauy.org
1962886-9,0,2,CaptchaFailed,http://vigilancia.management.datauy.org
1794387-5,1,2,BaseLimitReached,http://vigilancia.development.datauy.org
1175515-5,1,1,BaseLimitReached,http://vigilancia.management.datauy.org
2503949-8,1,0,BaseLimitReached,http://vigilancia.development.datauy.org
2623674-2,1,2,BaseLimitReached,http://vigilancia.management.datauy.org
3196650-0,1,0,BaseLimitReached,http://vigilancia.development.datauy.org
3419860-1,0,2,CaptchaFailed,http://vigilancia.management.datauy.org
2050135-1,1,1,BaseLimitReached,http://vigilancia.development.datauy.org
1422206-6,0,2,CaptchaFailed,http://vigilancia.management.datauy.org
2493343-5,0,2,CaptchaFailed,http://vigilancia.development.datauy.org
1624745-6,1,0,BaseLimitReached,http://vigilancia.management.datauy.org
1887730-2,0,2,CaptchaFailed,http://vigilancia.development.datauy.org
2555382-6,1,0,BaseLimitReached,http://vigilancia.management.datauy.org
2804164-6,1,2,BaseLimitReached,http://vigilancia.development.datauy.org
3048797-9,0,2,CaptchaFailed,http://vigilancia.management.datauy.org
3965607-6,0,2,CaptchaFailed,http://vigilancia.development.datauy.org
2520788-7,1,0,BaseLimitReached,http://vigilancia.management.datauy.org
1713666-8,1,1,BaseLimitReached,http://vigilancia.development.datauy.org
4126131-6,1,1,BaseLimitReached,http://vigilancia.management.datauy.org
4124767-1,0,2,CaptchaFailed,http://vigilancia.development.datauy.org
2142311-6,0,2,CaptchaFailed,http://vigilancia.management.datauy.org
4674581-6,0,2,CaptchaFailed,http://vigilancia.development.datauy.org
1090097-1,1,0,BaseLimitReached,http://vigilancia.management.datauy.org
3653786-9,1,1,BaseLimitReached,http://vigilancia.development.datauy.org
3050097-9,1,1,BaseLimitReached,http://vigilancia.management.datauy.org
1612457-5,1,2,BaseLimitReached,http://vigilancia.development.datauy.org
1595641-4,0,2,CaptchaFailed,http://vigilancia.management.datauy.org
2872973-7,1,0,BaseLimitReached,http://vigilancia.development.datauy.org
4166205-1,0,2,CaptchaFailed,http://vigilancia.management.datauy.org
1586373-6,1,0,BaseLimitReached,http://vigilancia.development.datauy.org
4415200-1,1,0,BaseLimitReached,http://vigilancia.management.datauy.org
1129092-5,1,0,BaseLimitReached,http://vigilancia.development.datauy.org
2380761-1,1,1,BaseLimitReached,http://vigilancia.management.datauy.org
4590716-6,1,0,BaseLimitReached,http://vigilancia.development.datauy.org
2633043-3,1,2,BaseLimitReached,http://vigilancia.management.datauy.org
4004437-3,1,0,BaseLimitReached,http://vigilancia.development.datauy.org
2787367-6,1,1,BaseLimitReached,http://vigilancia.management.datauy.org
1052904-4,0,2,CaptchaFailed,http://vigilancia.development.datauy.org
1054572-1,0,2,CaptchaFailed,http://vigilancia.management.datauy.org
3209574-6,1,0,BaseLimitReached,http://vigilancia.development.datauy.org
2546248-1,1,0,BaseLimitReached,http://vigilancia.management.datauy.org
1679318-2,0,2,CaptchaFailed,http://vigilancia.development.datauy.org
4097306-9,1,0,BaseLimitReached,http://vigilancia.management.datauy.org
4101632-3,1,0,BaseLimitReached,http://vigilancia.development.datauy.org
3483484-9,1,1,BaseLimitReached,http://vigilancia.management.datauy.org
2146104-1,0,2,CaptchaFailed,http://vigilancia.development.datauy.org
3067240-3,1,0,BaseLimitReached,http://vigilancia.management.datauy.org
1004273-5,1,2,BaseLimitReached,http://vigilancia.development.datauy.org
2859771-4,1,0,BaseLimitReached,http://vigilancia.management.datauy.org
2193371-1,1,0,BaseLimitReached,http://vigilancia.development.datauy.org
4129041-8,1,1,BaseLimitReached,http://vigilancia.management.datauy.org
4002084-8,1,1,BaseLimitReached,http://vigilancia.development.datauy.org
1867953-8,1,1,BaseLimitReached,http://vigilancia.management.datauy.org
4219140-5,1,0,BaseLimitReached,http://vigilancia.development.datauy.org
2655870-8,1,0,BaseLimitReached,http://vigilancia.management.datauy.org
3918052-6,1,0,BaseLimitReached,http://vigilancia.development.datauy.org
4831598-0,1,1,BaseLimitReached,http://vigilancia.management.datauy.org
3251512-8,1,0,BaseLimitReached,http://vigilancia.development.datauy.org
1791025-0,1,0,BaseLimitReached,http://vigilancia.management.datauy.org
3997804-8,1,0,BaseLimitReached,http://vigilancia.development.datauy.org
3837887-9,1,0,BaseLimitReached,http://vigilancia.management.datauy.org
1206225-0,0,2,CaptchaFailed,http://vigilancia.development.datauy.org
4126897-2,0,2,CaptchaFailed,http://vigilancia.management.datauy.org
1218649-2,0,2,CaptchaFailed,http://vigilancia.development.datauy.org
4796943-7,1,0,BaseLimitReached,http://vigilancia.management.datauy.org
1759940-6,0,2,CaptchaFailed,http://vigilancia.development.datauy.org
4223087-5,0,2,CaptchaFailed,http://vigilancia.management.datauy.org
2584311-4,1,1,BaseLimitReached,http://vigilancia.development.datauy.org
1812845-4,0,2,CaptchaFailed,http://vigilancia.management.datauy.org
4277661-1,0,2,CaptchaFailed,http://vigilancia.development.datauy.org
4793886-0,0,2,CaptchaFailed,http://vigilancia.management.datauy.org
3359094-1,0,2,CaptchaFailed,http://vigilancia.development.datauy.org
4956981-7,1,1,BaseLimitReached,http://vigilancia.management.datauy.org
3891193-8,1,0,BaseLimitReached,http://vigilancia.development.datauy.org
2460727-6,1,2,BaseLimitReached,http://vigilancia.management.datauy.org
3440466-0,0,2,CaptchaFailed,http://vigilancia.development.datauy.org
1037297-8,0,2,CaptchaFailed,http://vigilancia.management.datauy.org
4527968-8,1,2,BaseLimitReached,http://vigilancia.development.datauy.org
3444740-4,1,0,BaseLimitReached,http://vigilancia.management.datauy.org
2897070-2,0,2,CaptchaFailed,http://vigilancia.development.datauy.org
1721340-2,1,1,BaseLimitReached,http://vigilancia.management.datauy.org
2573782-0,0,2,CaptchaFailed,http://vigilancia.development.datauy.org
1899154-4,0,2,CaptchaFailed,http://vigilancia.management.datauy.org
2589294-9,0,2,CaptchaFailed,http://vigilancia.development.datauy.org
1792922-1,0,2,CaptchaFailed,http://vigilancia.management.datauy.org
3555025-8,1,0,BaseLimitReached,http://vigilancia.development.datauy.org
1507347-6,0,2,CaptchaFailed,http://vigilancia.management.datauy.org
1624520-4,1,2,BaseLimitReached,http://vigilancia.development.datauy.org
1806538-3,0,2,CaptchaFailed,http://vigilancia.management.datauy.org
2298374-5,1,0,BaseLimitReached,http://vigilancia.development.datauy.org
4622325-4,1,0,BaseLimitReached,http://vigilancia.management.datauy.org
4644426-4,1,0,BaseLimitReached,http://vigilancia.development.datauy.org
2504601-3,1,2,BaseLimitReached,http://vigilancia.management.datauy.org
3749223-6,0,2,CaptchaFailed,http://vigilancia.development.datauy.org
4863076-6,1,2,BaseLimitReached,http://vigilancia.management.datauy.org
2301544-4,1,0,BaseLimitReached,http://vigilancia.development.datauy.org
4509164-4,1,0,BaseLimitReached,http://vigilancia.management.datauy.org
4086164-6,1,1,BaseLimitReached,http://vigilancia.development.datauy.org
3885856-6,1,0,BaseLimitReached,http://vigilancia.management.datauy.org
1322010-8,1,1,BaseLimitReached,http://vigilancia.development.datauy.org
3363825-4,1,0,BaseLimitReached,http://vigilancia.management.datauy.org
3679743-5,1,0,BaseLimitReached,http://vigilancia.development.datauy.org
3681106-9,1,0,BaseLimitReached,http://vigilancia.management.datauy.org
3320806-9,0,2,CaptchaFailed,http://vigilancia.development.datauy.org
2570936-8,1,1,BaseLimitReached,http://vigilancia.management.datauy.org
1141833-1,1,0,BaseLimitReached,http://vigilancia.development.datauy.org
1761272-9,0,2,CaptchaFailed,http://vigilancia.management.datauy.org
2608235-5,0,2,CaptchaFailed,http://vigilancia.development.datauy.org
4669802-1,1,0,BaseLimitReached,http://vigilancia.management.datauy.org
4206014-3,0,2,CaptchaFailed,http://vigilancia.development.datauy.org
4505306-0,1,0,BaseLimitReached,http://vigilancia.management.datauy.org
1391143-2,1,1,BaseLimitReached,http://vigilancia.development.datauy.org
1779796-3,1,0,BaseLimitReached,http://vigilancia.management.datauy.org
1404460-2,1,0,BaseLimitReached,http://vigilancia.development.datauy.org
2980439-2,0,2,CaptchaFailed,http://vigilancia.management.datauy.org
2572720-3,1,0,BaseLimitReached,http://vigilancia.development.datauy.org
3959487-4,1,0,BaseLimitReached,http://vigilancia.management.datauy.org
3487787-1,1,2,BaseLimitReached,http://vigilancia.development.datauy.org
3197241-6,0,2,CaptchaFailed,http://vigilancia.management.datauy.org
4766026-9,1,2,BaseLimitReached,http://vigilancia.development.datauy.org